Archive member included to satisfy reference by file (symbol)

.build/obj_hackpadv2_default/i2c_master.a(i2c_master.o)
                              .build/obj_hackpadv2_default/oled_driver.o (i2c_init)
C:/QMK_MSYS/opt/qmk/bin/../lib/gcc/avr/15.2.0/avr5\libgcc.a(_udivmodqi4.o)
                              .build/obj_hackpadv2_default/oled_driver.o (__udivmodqi4)
C:/QMK_MSYS/opt/qmk/bin/../lib/gcc/avr/15.2.0/avr5\libgcc.a(_udivmodhi4.o)
                              .build/obj_hackpadv2_default/oled_driver.o (__udivmodhi4)
C:/QMK_MSYS/opt/qmk/bin/../lib/gcc/avr/15.2.0/avr5\libgcc.a(_divmodhi4.o)
                              .build/obj_hackpadv2_default/encoder_quadrature.o (__divmodhi4)
C:/QMK_MSYS/opt/qmk/bin/../lib/gcc/avr/15.2.0/avr5\libgcc.a(_udivmodsi4.o)
                              .build/obj_hackpadv2_default/quantum/quantum.o (__udivmodsi4)
C:/QMK_MSYS/opt/qmk/bin/../lib/gcc/avr/15.2.0/avr5\libgcc.a(_exit.o)
                              C:/QMK_MSYS/opt/qmk/bin/../lib/gcc/avr/15.2.0/../../../../avr/lib/avr5/crtatmega32u4.o (exit)
C:/QMK_MSYS/opt/qmk/bin/../lib/gcc/avr/15.2.0/avr5\libgcc.a(_tablejump2.o)
                              .build/obj_hackpadv2_default/quantum/action.o (__tablejump2__)
C:/QMK_MSYS/opt/qmk/bin/../lib/gcc/avr/15.2.0/avr5\libgcc.a(_copy_data.o)
                              .build/obj_hackpadv2_default/quantum/quantum.o (__do_copy_data)
C:/QMK_MSYS/opt/qmk/bin/../lib/gcc/avr/15.2.0/avr5\libgcc.a(_clear_bss.o)
                              .build/obj_hackpadv2_default/quantum/quantum.o (__do_clear_bss)
C:/QMK_MSYS/opt/qmk/bin/../lib/gcc/avr/15.2.0/avr5\libgcc.a(_popcounthi2.o)
                              .build/obj_hackpadv2_default/quantum/bitwise.o (__popcounthi2)
C:/QMK_MSYS/opt/qmk/bin/../lib/gcc/avr/15.2.0/avr5\libgcc.a(_popcountsi2.o)
                              .build/obj_hackpadv2_default/quantum/bitwise.o (__popcountsi2)
C:/QMK_MSYS/opt/qmk/bin/../lib/gcc/avr/15.2.0/avr5\libgcc.a(_popcountqi2.o)
                              .build/obj_hackpadv2_default/quantum/bitwise.o (__popcountqi2)
C:/QMK_MSYS/opt/qmk/bin/../lib/gcc/avr/15.2.0/avr5\libgcc.a(_prologue.o)
                              .build/obj_hackpadv2_default/quantum/quantum.o (__prologue_saves__)
C:/QMK_MSYS/opt/qmk/bin/../lib/gcc/avr/15.2.0/avr5\libgcc.a(_epilogue.o)
                              .build/obj_hackpadv2_default/quantum/quantum.o (__epilogue_restores__)
C:/QMK_MSYS/opt/qmk/bin/../lib/gcc/avr/15.2.0/../../../../avr/lib/avr5\libc.a(memcpy_P.o)
                              .build/obj_hackpadv2_default/oled_driver.o (memcpy_P)
C:/QMK_MSYS/opt/qmk/bin/../lib/gcc/avr/15.2.0/../../../../avr/lib/avr5\libc.a(memcmp.o)
                              .build/obj_hackpadv2_default/quantum/action_util.o (memcmp)
C:/QMK_MSYS/opt/qmk/bin/../lib/gcc/avr/15.2.0/../../../../avr/lib/avr5\libc.a(memmove.o)
                              .build/obj_hackpadv2_default/oled_driver.o (memmove)
C:/QMK_MSYS/opt/qmk/bin/../lib/gcc/avr/15.2.0/../../../../avr/lib/avr5\libc.a(memcpy.o)
                              C:/QMK_MSYS/opt/qmk/bin/../lib/gcc/avr/15.2.0/../../../../avr/lib/avr5\libc.a(memmove.o) (memcpy)
C:/QMK_MSYS/opt/qmk/bin/../lib/gcc/avr/15.2.0/../../../../avr/lib/avr5\libatmega32u4.a(eerd_byte.o)
                              .build/obj_hackpadv2_default/nvm_eeconfig.o (eeprom_read_byte)
C:/QMK_MSYS/opt/qmk/bin/../lib/gcc/avr/15.2.0/../../../../avr/lib/avr5\libatmega32u4.a(eerd_dword.o)
                              .build/obj_hackpadv2_default/nvm_eeconfig.o (eeprom_read_dword)
C:/QMK_MSYS/opt/qmk/bin/../lib/gcc/avr/15.2.0/../../../../avr/lib/avr5\libatmega32u4.a(eerd_word.o)
                              .build/obj_hackpadv2_default/nvm_eeconfig.o (eeprom_read_word)
C:/QMK_MSYS/opt/qmk/bin/../lib/gcc/avr/15.2.0/../../../../avr/lib/avr5\libatmega32u4.a(eeupd_byte.o)
                              .build/obj_hackpadv2_default/nvm_eeconfig.o (eeprom_update_byte)
C:/QMK_MSYS/opt/qmk/bin/../lib/gcc/avr/15.2.0/../../../../avr/lib/avr5\libatmega32u4.a(eeupd_dword.o)
                              .build/obj_hackpadv2_default/nvm_eeconfig.o (eeprom_update_dword)
C:/QMK_MSYS/opt/qmk/bin/../lib/gcc/avr/15.2.0/../../../../avr/lib/avr5\libatmega32u4.a(eeupd_word.o)
                              .build/obj_hackpadv2_default/nvm_eeconfig.o (eeprom_update_word)
C:/QMK_MSYS/opt/qmk/bin/../lib/gcc/avr/15.2.0/../../../../avr/lib/avr5\libatmega32u4.a(eerd_block.o)
                              C:/QMK_MSYS/opt/qmk/bin/../lib/gcc/avr/15.2.0/../../../../avr/lib/avr5\libatmega32u4.a(eerd_dword.o) (eeprom_read_blraw)

Allocating common symbols
Common symbol       size              file

matrix_previous     0x3               .build/obj_hackpadv2_default/quantum/keyboard.o
USB_IsInitialized   0x1               .build/obj_hackpadv2_default/lib/lufa/LUFA/Drivers/USB/Core/USBTask.o
keymap_config       0x2               .build/obj_hackpadv2_default/quantum/keycode_config.o
[...]
Memory Configuration

Name             Origin             Length             Attributes
text             0x00000000         0x00008000         xr
data             0x00800100         0x00000a00         rw!x
eeprom           0x00810000         0x00000400         rw!x
fuse             0x00820000         0x00000003         rw!x
lock             0x00830000         0x00000400         rw!x
signature        0x00840000         0x00000400         rw!x
user_signatures  0x00850000         0x00000400         rw!x
*default*        0x00000000         0xffffffff

Linker script and memory map

Address of section .data set to 0x800100
LOAD C:/QMK_MSYS/opt/qmk/bin/../lib/gcc/avr/15.2.0/../../../../avr/lib/avr5/crtatmega32u4.o
LOAD .build/obj_hackpadv2_default/.build/obj_hackpadv2_default/src/default_keyboard.o
LOAD .build/obj_hackpadv2_default/quantum/keymap_introspection.o
LOAD .build/obj_hackpadv2_default/quantum/quantum.o
LOAD .build/obj_hackpadv2_default/quantum/bitwise.o
LOAD .build/obj_hackpadv2_default/quantum/led.o
LOAD .build/obj_hackpadv2_default/quantum/action.o
LOAD .build/obj_hackpadv2_default/quantum/action_layer.o
LOAD .build/obj_hackpadv2_default/quantum/action_tapping.o
LOAD .build/obj_hackpadv2_default/quantum/action_util.o
LOAD .build/obj_hackpadv2_default/quantum/eeconfig.o
LOAD .build/obj_hackpadv2_default/quantum/keyboard.o
LOAD .build/obj_hackpadv2_default/quantum/keymap_common.o
LOAD .build/obj_hackpadv2_default/quantum/keycode_config.o
LOAD .build/obj_hackpadv2_default/quantum/sync_timer.o
LOAD .build/obj_hackpadv2_default/quantum/logging/debug.o
LOAD .build/obj_hackpadv2_default/quantum/logging/sendchar.o
LOAD .build/obj_hackpadv2_default/quantum/process_keycode/process_default_layer.o
LOAD .build/obj_hackpadv2_default/quantum/process_keycode/process_oneshot.o
LOAD .build/obj_hackpadv2_default/quantum/process_keycode/process_quantum.o
LOAD .build/obj_hackpadv2_default/nvm_eeconfig.o
LOAD .build/obj_hackpadv2_default/quantum/matrix_common.o
LOAD .build/obj_hackpadv2_default/quantum/matrix.o
LOAD .build/obj_hackpadv2_default/quantum/debounce/sym_defer_g.o
LOAD .build/obj_hackpadv2_default/quantum/main.o
LOAD .build/obj_hackpadv2_default/platforms/avr/xprintf.o
LOAD .build/obj_hackpadv2_default/platforms/avr/printf.o
LOAD .build/obj_hackpadv2_default/oled_driver.o
LOAD .build/obj_hackpadv2_default/quantum/encoder.o
LOAD .build/obj_hackpadv2_default/encoder_quadrature.o
LOAD .build/obj_hackpadv2_default/quantum/process_keycode/process_grave_esc.o
LOAD .build/obj_hackpadv2_default/quantum/process_keycode/process_magic.o
LOAD .build/obj_hackpadv2_default/quantum/mousekey.o
LOAD .build/obj_hackpadv2_default/quantum/send_string/send_string.o
LOAD .build/obj_hackpadv2_default/quantum/process_keycode/process_space_cadet.o
LOAD .build/obj_hackpadv2_default/protocol/host.o
LOAD .build/obj_hackpadv2_default/protocol/report.o
LOAD .build/obj_hackpadv2_default/protocol/usb_device_state.o
LOAD .build/obj_hackpadv2_default/protocol/usb_util.o
LOAD .build/obj_hackpadv2_default/platforms/suspend.o
LOAD .build/obj_hackpadv2_default/platforms/synchronization_util.o
LOAD .build/obj_hackpadv2_default/platforms/timer.o
LOAD .build/obj_hackpadv2_default/platforms/avr/hardware_id.o
LOAD .build/obj_hackpadv2_default/platforms/avr/platform.o
LOAD .build/obj_hackpadv2_default/platforms/avr/suspend.o
LOAD .build/obj_hackpadv2_default/platforms/avr/timer.o
LOAD .build/obj_hackpadv2_default/platforms/avr/bootloaders/caterina.o
LOAD .build/obj_hackpadv2_default/i2c_master.a
LOAD .build/obj_hackpadv2_default/lufa.o
LOAD .build/obj_hackpadv2_default/usb_descriptor.o
LOAD .build/obj_hackpadv2_default/lib/lufa/LUFA/Drivers/USB/Class/Common/HIDParser.o
LOAD .build/obj_hackpadv2_default/lib/lufa/LUFA/Drivers/USB/Core/AVR8/Device_AVR8.o
LOAD .build/obj_hackpadv2_default/lib/lufa/LUFA/Drivers/USB/Core/AVR8/EndpointStream_AVR8.o
LOAD .build/obj_hackpadv2_default/lib/lufa/LUFA/Drivers/USB/Core/AVR8/Endpoint_AVR8.o
LOAD .build/obj_hackpadv2_default/lib/lufa/LUFA/Drivers/USB/Core/AVR8/Host_AVR8.o
LOAD .build/obj_hackpadv2_default/lib/lufa/LUFA/Drivers/USB/Core/AVR8/PipeStream_AVR8.o
LOAD .build/obj_hackpadv2_default/lib/lufa/LUFA/Drivers/USB/Core/AVR8/Pipe_AVR8.o
LOAD .build/obj_hackpadv2_default/lib/lufa/LUFA/Drivers/USB/Core/AVR8/USBController_AVR8.o
LOAD .build/obj_hackpadv2_default/lib/lufa/LUFA/Drivers/USB/Core/AVR8/USBInterrupt_AVR8.o
LOAD .build/obj_hackpadv2_default/lib/lufa/LUFA/Drivers/USB/Core/ConfigDescriptors.o
LOAD .build/obj_hackpadv2_default/lib/lufa/LUFA/Drivers/USB/Core/DeviceStandardReq.o
LOAD .build/obj_hackpadv2_default/lib/lufa/LUFA/Drivers/USB/Core/Events.o
LOAD .build/obj_hackpadv2_default/lib/lufa/LUFA/Drivers/USB/Core/HostStandardReq.o
LOAD .build/obj_hackpadv2_default/lib/lufa/LUFA/Drivers/USB/Core/USBTask.o
LOAD .build/obj_hackpadv2_default/protocol/lufa/usb_util.o
LOAD C:/QMK_MSYS/opt/qmk/bin/../lib/gcc/avr/15.2.0/../../../../avr/lib/avr5\libm.a
START GROUP
LOAD C:/QMK_MSYS/opt/qmk/bin/../lib/gcc/avr/15.2.0/avr5\libgcc.a
LOAD C:/QMK_MSYS/opt/qmk/bin/../lib/gcc/avr/15.2.0/../../../../avr/lib/avr5\libm.a
LOAD C:/QMK_MSYS/opt/qmk/bin/../lib/gcc/avr/15.2.0/../../../../avr/lib/avr5\libc.a
LOAD C:/QMK_MSYS/opt/qmk/bin/../lib/gcc/avr/15.2.0/../../../../avr/lib/avr5\libatmega32u4.a
END GROUP
                [0x00000000]                      __TEXT_REGION_ORIGIN__ = DEFINED (__TEXT_REGION_ORIGIN__)?__TEXT_REGION_ORIGIN__:0x0
                [0x00008000]                      __TEXT_REGION_LENGTH__ = DEFINED (__TEXT_REGION_LENGTH__)?__TEXT_REGION_LENGTH__:0x20000
                [0x00800100]                      __DATA_REGION_ORIGIN__ = DEFINED (__DATA_REGION_ORIGIN__)?__DATA_REGION_ORIGIN__:0x800060
                [0x00000a00]                      __DATA_REGION_LENGTH__ = DEFINED (__DATA_REGION_LENGTH__)?__DATA_REGION_LENGTH__:0xffa0
                [0x00000400]                      __EEPROM_REGION_LENGTH__ = DEFINED (__EEPROM_REGION_LENGTH__)?__EEPROM_REGION_LENGTH__:0x10000
                [0x00000003]                      __FUSE_REGION_LENGTH__ = DEFINED (__FUSE_REGION_LENGTH__)?__FUSE_REGION_LENGTH__:0x400
                0x00000400                        __LOCK_REGION_LENGTH__ = DEFINED (__LOCK_REGION_LENGTH__)?__LOCK_REGION_LENGTH__:0x400
                0x00000400                        __SIGNATURE_REGION_LENGTH__ = DEFINED (__SIGNATURE_REGION_LENGTH__)?__SIGNATURE_REGION_LENGTH__:0x400
                0x00000400                        __USER_SIGNATURE_REGION_LENGTH__ = DEFINED (__USER_SIGNATURE_REGION_LENGTH__)?__USER_SIGNATURE_REGION_LENGTH__:0x400

.hash
 *(.hash)

.dynsym
 *(.dynsym)

.dynstr
 *(.dynstr)

.gnu.version
 *(.gnu.version)

.gnu.version_d
 *(.gnu.version_d)

.gnu.version_r
 *(.gnu.version_r)

.rel.init
 *(.rel.init)

.rela.init
 *(.rela.init)

.rel.text
 *(.rel.text)
 *(.rel.text.*)
 *(.rel.gnu.linkonce.t*)

.rela.text
 *(.rela.text)
 *(.rela.text.*)
 *(.rela.gnu.linkonce.t*)

.rel.fini
 *(.rel.fini)

.rela.fini
 *(.rela.fini)

.rel.rodata
 *(.rel.rodata)
 *(.rel.rodata.*)
 *(.rel.gnu.linkonce.r*)

.rela.rodata
 *(.rela.rodata)
 *(.rela.rodata.*)
 *(.rela.gnu.linkonce.r*)

.rel.data
 *(.rel.data)
 *(.rel.data.*)
 *(.rel.gnu.linkonce.d*)

.rela.data
 *(.rela.data)
 *(.rela.data.*)
 *(.rela.gnu.linkonce.d*)

.rel.ctors
 *(.rel.ctors)

.rela.ctors
 *(.rela.ctors)

.rel.dtors
 *(.rel.dtors)

.rela.dtors
 *(.rela.dtors)

.rel.got
 *(.rel.got)

.rela.got
 *(.rela.got)

.rel.bss
 *(.rel.bss)

.rela.bss
 *(.rela.bss)

.rel.plt
 *(.rel.plt)

.rela.plt
 *(.rela.plt)

.text           0x00000000     0x4724
 *(.vectors)
 .vectors       0x00000000       0xac C:/QMK_MSYS/opt/qmk/bin/../lib/gcc/avr/15.2.0/../../../../avr/lib/avr5/crtatmega32u4.o
                0x00000000                __vector_default
                0x00000000                __vectors
 *(.vectors)
 *(.progmem.gcc*)
                0x000000ac                        . = ALIGN (0x2)
                0x000000ac                        __trampolines_start = .
 *(.trampolines)
 .trampolines   0x000000ac        0x0 linker stubs
 *(.trampolines*)
                0x000000ac                        __trampolines_end = .
 *libprintf_flt.a:*(.progmem.data)
 *libc.a:*(.progmem.data)
 *(.progmem.*)
 .progmem.data.naruto_logo
                0x000000ac      0x200 .build/obj_hackpadv2_default/quantum/keymap_introspection.o
 .progmem.data.keymaps
                0x000002ac       0x12 .build/obj_hackpadv2_default/quantum/keymap_introspection.o
                0x000002ac                keymaps
 .progmem.data.display_off.4
                0x000002be        0x2 .build/obj_hackpadv2_default/oled_driver.o
 .progmem.data.display_on.5
                0x000002c0        0x2 .build/obj_hackpadv2_default/oled_driver.o
 .progmem.data.display_setup2.11
                0x000002c2        0xd .build/obj_hackpadv2_default/oled_driver.o
 .progmem.data.display_flipped.12
                0x000002cf        0x5 .build/obj_hackpadv2_default/oled_driver.o
 .progmem.data.display_normal.13
                0x000002d4        0x5 .build/obj_hackpadv2_default/oled_driver.o
 .progmem.data.display_setup1.14
                0x000002d9        0xb .build/obj_hackpadv2_default/oled_driver.o
 .progmem.data.ProductString
                0x000002e4       0x16 .build/obj_hackpadv2_default/usb_descriptor.o
                0x000002e4                ProductString
 .progmem.data.ManufacturerString
                0x000002fa       0x1c .build/obj_hackpadv2_default/usb_descriptor.o
                0x000002fa                ManufacturerString
 .progmem.data.LanguageString
                0x00000316        0x4 .build/obj_hackpadv2_default/usb_descriptor.o
                0x00000316                LanguageString
 .progmem.data.ConfigurationDescriptor
                0x0000031a       0x3b .build/obj_hackpadv2_default/usb_descriptor.o
                0x0000031a                ConfigurationDescriptor
 .progmem.data.DeviceDescriptor
                0x00000355       0x12 .build/obj_hackpadv2_default/usb_descriptor.o
                0x00000355                DeviceDescriptor
 .progmem.data.SharedReport
                0x00000367       0xb6 .build/obj_hackpadv2_default/usb_descriptor.o
                0x00000367                SharedReport
 .progmem.data.KeyboardReport
                0x0000041d       0x44 .build/obj_hackpadv2_default/usb_descriptor.o
                0x0000041d                KeyboardReport
                0x00000462                        . = ALIGN (0x2)
 *fill*         0x00000461        0x1 
 *(.lowtext)
 *(.lowtext*)
                0x00000462                        __ctors_start = .
 *(.ctors)
                0x00000462                        __ctors_end = .
                0x00000462                        __dtors_start = .
 *(.dtors)
                0x00000462                        __dtors_end = .
 SORT_BY_NAME(*)(.ctors)
 SORT_BY_NAME(*)(.dtors)
 *(.init0)
 .init0         0x00000462        0x0 C:/QMK_MSYS/opt/qmk/bin/../lib/gcc/avr/15.2.0/../../../../avr/lib/avr5/crtatmega32u4.o
                0x00000462                __init
 *(.init0)
 *(.init1)
 *(.init1)
 *(.init2)
 .init2         0x00000462        0xc C:/QMK_MSYS/opt/qmk/bin/../lib/gcc/avr/15.2.0/../../../../avr/lib/avr5/crtatmega32u4.o
 *(.init2)
 *(.init3)
 *(.init3)
 *(.init4)
 .init4         0x0000046e       0x16 C:/QMK_MSYS/opt/qmk/bin/../lib/gcc/avr/15.2.0/avr5\libgcc.a(_copy_data.o)
                0x0000046e                __do_copy_data
 .init4         0x00000484       0x10 C:/QMK_MSYS/opt/qmk/bin/../lib/gcc/avr/15.2.0/avr5\libgcc.a(_clear_bss.o)
                0x00000484                __do_clear_bss
 *(.init4)
 *(.init5)
 *(.init5)
 *(.init6)
 *(.init6)
 *(.init7)
 *(.init7)
 *(.init8)
 *(.init8)
 *(.init9)
 .init9         0x00000494        0x8 C:/QMK_MSYS/opt/qmk/bin/../lib/gcc/avr/15.2.0/../../../../avr/lib/avr5/crtatmega32u4.o
 *(.init9)
 *(.text)
 .text          0x0000049c        0x2 C:/QMK_MSYS/opt/qmk/bin/../lib/gcc/avr/15.2.0/../../../../avr/lib/avr5/crtatmega32u4.o
                0x0000049c                __vector_38
                0x0000049c                __vector_22
                0x0000049c                __vector_28
                0x0000049c                __vector_1
                0x0000049c                __vector_32
                0x0000049c                __vector_34
                0x0000049c                __vector_24
                0x0000049c                __bad_interrupt
                0x0000049c                __vector_6
                0x0000049c                __vector_31
                0x0000049c                __vector_35
                0x0000049c                __vector_39
                0x0000049c                __vector_3
                0x0000049c                __vector_23
                0x0000049c                __vector_30
                0x0000049c                __vector_25
                0x0000049c                __vector_13
                0x0000049c                __vector_17
                0x0000049c                __vector_19
                0x0000049c                __vector_7
                0x0000049c                __vector_41
                0x0000049c                __vector_27
                0x0000049c                __vector_5
                0x0000049c                __vector_33
                0x0000049c                __vector_37
                0x0000049c                __vector_4
                0x0000049c                __vector_9
                0x0000049c                __vector_2
                0x0000049c                __vector_15
                0x0000049c                __vector_36
                0x0000049c                __vector_29
                0x0000049c                __vector_40
                0x0000049c                __vector_8
                0x0000049c                __vector_26
                0x0000049c                __vector_14
                0x0000049c                __vector_16
                0x0000049c                __vector_18
                0x0000049c                __vector_20
                0x0000049c                __vector_42
                0x0000049e                        . = ALIGN (0x2)
 *(.text.*)
 .text.encoder_update_user
                0x0000049e       0x12 .build/obj_hackpadv2_default/quantum/keymap_introspection.o
                0x0000049e                encoder_update_user
 .text.oled_task_user
                0x000004b0       0x10 .build/obj_hackpadv2_default/quantum/keymap_introspection.o
                0x000004b0                oled_task_user
 .text.keycode_at_keymap_location_raw
                0x000004c0       0x34 .build/obj_hackpadv2_default/quantum/keymap_introspection.o
                0x000004c0                keycode_at_keymap_location_raw
 .text.keycode_at_keymap_location
                0x000004f4        0x4 .build/obj_hackpadv2_default/quantum/keymap_introspection.o
                0x000004f4                keycode_at_keymap_location
 .text.pre_process_record_user
                0x000004f8        0x4 .build/obj_hackpadv2_default/quantum/quantum.o
                0x000004f8                pre_process_record_user
 .text.pre_process_record_modules
                0x000004fc        0x4 .build/obj_hackpadv2_default/quantum/quantum.o
                0x000004fc                pre_process_record_modules
 .text.pre_process_record_kb
                0x00000500        0x4 .build/obj_hackpadv2_default/quantum/quantum.o
                0x00000500                pre_process_record_kb
 .text.process_record_modules
                0x00000504        0x4 .build/obj_hackpadv2_default/quantum/quantum.o
                0x00000504                process_record_modules
 .text.process_record_user
                0x00000508        0x4 .build/obj_hackpadv2_default/quantum/quantum.o
                0x00000508                process_record_user
 .text.process_record_kb
                0x0000050c        0x4 .build/obj_hackpadv2_default/quantum/quantum.o
                0x0000050c                process_record_kb
 .text.post_process_record_user
                0x00000510        0x2 .build/obj_hackpadv2_default/quantum/quantum.o
                0x00000510                post_process_record_user
 .text.post_process_record_modules
                0x00000512        0x2 .build/obj_hackpadv2_default/quantum/quantum.o
                0x00000512                post_process_record_modules
 .text.post_process_record_kb
                0x00000514        0x4 .build/obj_hackpadv2_default/quantum/quantum.o
                0x00000514                post_process_record_kb
 .text.suspend_power_down_modules
                0x00000518        0x2 .build/obj_hackpadv2_default/quantum/quantum.o
                0x00000518                suspend_power_down_modules
 .text.suspend_wakeup_init_modules
                0x0000051a        0x2 .build/obj_hackpadv2_default/quantum/quantum.o
                0x0000051a                suspend_wakeup_init_modules
 .text.get_event_keycode
                0x0000051c       0x54 .build/obj_hackpadv2_default/quantum/quantum.o
                0x0000051c                get_event_keycode
 .text.get_record_keycode
                0x00000570       0x12 .build/obj_hackpadv2_default/quantum/quantum.o
                0x00000570                get_record_keycode
 .text.pre_process_record_quantum
                0x00000582       0x22 .build/obj_hackpadv2_default/quantum/quantum.o
                0x00000582                pre_process_record_quantum
 .text.post_process_record_quantum
                0x000005a4       0x24 .build/obj_hackpadv2_default/quantum/quantum.o
                0x000005a4                post_process_record_quantum
 .text.process_record_quantum
                0x000005c8       0x74 .build/obj_hackpadv2_default/quantum/quantum.o
                0x000005c8                process_record_quantum
 .text.set_single_default_layer
                0x0000063c       0x12 .build/obj_hackpadv2_default/quantum/quantum.o
                0x0000063c                set_single_default_layer
 .text.set_single_persistent_default_layer
                0x0000064e       0x20 .build/obj_hackpadv2_default/quantum/quantum.o
                0x0000064e                set_single_persistent_default_layer
 .text.shutdown_user
                0x0000066e        0x4 .build/obj_hackpadv2_default/quantum/quantum.o
                0x0000066e                shutdown_user
 .text.shutdown_modules
                0x00000672        0x4 .build/obj_hackpadv2_default/quantum/quantum.o
                0x00000672                shutdown_modules
 .text.shutdown_kb
                0x00000676        0x4 .build/obj_hackpadv2_default/quantum/quantum.o
                0x00000676                shutdown_kb
 .text.shutdown_quantum
                0x0000067a       0x12 .build/obj_hackpadv2_default/quantum/quantum.o
                0x0000067a                shutdown_quantum
 .text.reset_keyboard
                0x0000068c        0x8 .build/obj_hackpadv2_default/quantum/quantum.o
                0x0000068c                reset_keyboard
 .text.soft_reset_keyboard
                0x00000694        0x8 .build/obj_hackpadv2_default/quantum/quantum.o
                0x00000694                soft_reset_keyboard
 .text.suspend_power_down_quantum
                0x0000069c        0xc .build/obj_hackpadv2_default/quantum/quantum.o
                0x0000069c                suspend_power_down_quantum
 .text.suspend_wakeup_init_quantum
                0x000006a8        0x8 .build/obj_hackpadv2_default/quantum/quantum.o
                0x000006a8                suspend_wakeup_init_quantum
 .text.led_update_user
                0x000006b0        0x4 .build/obj_hackpadv2_default/quantum/led.o
                0x000006b0                led_update_user
 .text.led_update_ports
                0x000006b4        0x2 .build/obj_hackpadv2_default/quantum/led.o
                0x000006b4                led_update_ports
 .text.led_update_kb
                0x000006b6       0x1a .build/obj_hackpadv2_default/quantum/led.o
                0x000006b6                led_update_kb
 .text.led_init_ports
                0x000006d0        0x2 .build/obj_hackpadv2_default/quantum/led.o
                0x000006d0                led_init_ports
 .text.led_set  0x000006d2        0x4 .build/obj_hackpadv2_default/quantum/led.o
                0x000006d2                led_set
 .text.led_suspend
                0x000006d6        0x4 .build/obj_hackpadv2_default/quantum/led.o
                0x000006d6                led_suspend
 .text.led_wakeup
                0x000006da        0x6 .build/obj_hackpadv2_default/quantum/led.o
                0x000006da                led_wakeup
 .text.led_task
                0x000006e0       0x30 .build/obj_hackpadv2_default/quantum/led.o
                0x000006e0                led_task
 .text.action_exec
                0x00000710       0x5e .build/obj_hackpadv2_default/quantum/action.o
                0x00000710                action_exec
 .text.process_record_tap_hint
                0x0000076e       0x10 .build/obj_hackpadv2_default/quantum/action.o
                0x0000076e                process_record_tap_hint
 .text.register_mouse
                0x0000077e       0x12 .build/obj_hackpadv2_default/quantum/action.o
                0x0000077e                register_mouse
 .text.register_code
                0x00000790       0x86 .build/obj_hackpadv2_default/quantum/action.o
                0x00000790                register_code
 .text.unregister_code
                0x00000816       0x5c .build/obj_hackpadv2_default/quantum/action.o
                0x00000816                unregister_code
 .text.tap_code_delay
                0x00000872       0x2c .build/obj_hackpadv2_default/quantum/action.o
                0x00000872                tap_code_delay
 .text.tap_code
                0x0000089e        0xe .build/obj_hackpadv2_default/quantum/action.o
                0x0000089e                tap_code
 .text.register_mods
                0x000008ac        0xa .build/obj_hackpadv2_default/quantum/action.o
                0x000008ac                register_mods
 .text.unregister_mods
                0x000008b6        0xa .build/obj_hackpadv2_default/quantum/action.o
                0x000008b6                unregister_mods
 .text.process_action
                0x000008c0      0x386 .build/obj_hackpadv2_default/quantum/action.o
                0x000008c0                process_action
 .text.process_record_handler
                0x00000c46       0x28 .build/obj_hackpadv2_default/quantum/action.o
                0x00000c46                process_record_handler
 .text.process_record
                0x00000c6e       0x3c .build/obj_hackpadv2_default/quantum/action.o
                0x00000c6e                process_record
 .text.clear_keyboard_but_mods_and_keys
                0x00000caa       0x1c .build/obj_hackpadv2_default/quantum/action.o
                0x00000caa                clear_keyboard_but_mods_and_keys
 .text.clear_keyboard_but_mods
                0x00000cc6        0x6 .build/obj_hackpadv2_default/quantum/action.o
                0x00000cc6                clear_keyboard_but_mods
 .text.clear_keyboard
                0x00000ccc        0x4 .build/obj_hackpadv2_default/quantum/action.o
                0x00000ccc                clear_keyboard
 .text.is_tap_action
                0x00000cd0       0x48 .build/obj_hackpadv2_default/quantum/action.o
                0x00000cd0                is_tap_action
 .text.is_tap_record
                0x00000d18       0x14 .build/obj_hackpadv2_default/quantum/action.o
                0x00000d18                is_tap_record
 .text.debug_event
                0x00000d2c       0x14 .build/obj_hackpadv2_default/quantum/action.o
                0x00000d2c                debug_event
 .text.debug_record
                0x00000d40       0x14 .build/obj_hackpadv2_default/quantum/action.o
                0x00000d40                debug_record
 .text.default_layer_state_set_modules
                0x00000d54        0x2 .build/obj_hackpadv2_default/quantum/action_layer.o
                0x00000d54                default_layer_state_set_modules
 .text.default_layer_state_set_user
                0x00000d56        0x4 .build/obj_hackpadv2_default/quantum/action_layer.o
                0x00000d56                default_layer_state_set_user
 .text.default_layer_state_set_kb
                0x00000d5a        0x4 .build/obj_hackpadv2_default/quantum/action_layer.o
                0x00000d5a                default_layer_state_set_kb
 .text.default_layer_state_set
                0x00000d5e        0xe .build/obj_hackpadv2_default/quantum/action_layer.o
 .text.default_layer_debug
                0x00000d6c        0x2 .build/obj_hackpadv2_default/quantum/action_layer.o
                0x00000d6c                default_layer_debug
 .text.default_layer_set
                0x00000d6e        0x4 .build/obj_hackpadv2_default/quantum/action_layer.o
                0x00000d6e                default_layer_set
 .text.default_layer_or
                0x00000d72        0xe .build/obj_hackpadv2_default/quantum/action_layer.o
                0x00000d72                default_layer_or
 .text.default_layer_and
                0x00000d80        0xe .build/obj_hackpadv2_default/quantum/action_layer.o
                0x00000d80                default_layer_and
 .text.default_layer_xor
                0x00000d8e        0xe .build/obj_hackpadv2_default/quantum/action_layer.o
                0x00000d8e                default_layer_xor
 .text.layer_state_set_user
                0x00000d9c        0x4 .build/obj_hackpadv2_default/quantum/action_layer.o
                0x00000d9c                layer_state_set_user
 .text.layer_state_set_kb
                0x00000da0        0x4 .build/obj_hackpadv2_default/quantum/action_layer.o
                0x00000da0                layer_state_set_kb
 .text.layer_state_set_modules
                0x00000da4        0x4 .build/obj_hackpadv2_default/quantum/action_layer.o
                0x00000da4                layer_state_set_modules
 .text.layer_state_set
                0x00000da8        0xe .build/obj_hackpadv2_default/quantum/action_layer.o
                0x00000da8                layer_state_set
 .text.layer_clear
                0x00000db6        0x6 .build/obj_hackpadv2_default/quantum/action_layer.o
                0x00000db6                layer_clear
 .text.layer_move
                0x00000dbc       0x12 .build/obj_hackpadv2_default/quantum/action_layer.o
                0x00000dbc                layer_move
 .text.layer_on
                0x00000dce       0x1c .build/obj_hackpadv2_default/quantum/action_layer.o
                0x00000dce                layer_on
 .text.layer_off
                0x00000dea       0x20 .build/obj_hackpadv2_default/quantum/action_layer.o
                0x00000dea                layer_off
 .text.layer_invert
                0x00000e0a       0x1c .build/obj_hackpadv2_default/quantum/action_layer.o
                0x00000e0a                layer_invert
 .text.layer_or
                0x00000e26        0xe .build/obj_hackpadv2_default/quantum/action_layer.o
                0x00000e26                layer_or
 .text.layer_and
                0x00000e34        0xe .build/obj_hackpadv2_default/quantum/action_layer.o
                0x00000e34                layer_and
 .text.layer_xor
                0x00000e42        0xe .build/obj_hackpadv2_default/quantum/action_layer.o
                0x00000e42                layer_xor
 .text.layer_debug
                0x00000e50        0x2 .build/obj_hackpadv2_default/quantum/action_layer.o
                0x00000e50                layer_debug
 .text.update_source_layers_cache_impl
                0x00000e52       0x5a .build/obj_hackpadv2_default/quantum/action_layer.o
                0x00000e52                update_source_layers_cache_impl
 .text.read_source_layers_cache_impl
                0x00000eac       0x4c .build/obj_hackpadv2_default/quantum/action_layer.o
                0x00000eac                read_source_layers_cache_impl
 .text.update_source_layers_cache
                0x00000ef8       0x26 .build/obj_hackpadv2_default/quantum/action_layer.o
                0x00000ef8                update_source_layers_cache
 .text.read_source_layers_cache
                0x00000f1e       0x26 .build/obj_hackpadv2_default/quantum/action_layer.o
                0x00000f1e                read_source_layers_cache
 .text.layer_switch_get_layer
                0x00000f44       0x66 .build/obj_hackpadv2_default/quantum/action_layer.o
                0x00000f44                layer_switch_get_layer
 .text.layer_switch_get_action
                0x00000faa       0x12 .build/obj_hackpadv2_default/quantum/action_layer.o
                0x00000faa                layer_switch_get_action
 .text.store_or_get_action
                0x00000fbc       0x3c .build/obj_hackpadv2_default/quantum/action_layer.o
                0x00000fbc                store_or_get_action
 .text.debug_waiting_buffer
                0x00000ff8       0x3a .build/obj_hackpadv2_default/quantum/action_tapping.o
 .text.debug_tapping_key
                0x00001032       0x1e .build/obj_hackpadv2_default/quantum/action_tapping.o
 .text.waiting_buffer_scan_tap
                0x00001050       0x9c .build/obj_hackpadv2_default/quantum/action_tapping.o
 .text.waiting_buffer_typed.isra.0
                0x000010ec       0x3e .build/obj_hackpadv2_default/quantum/action_tapping.o
 .text.process_tapping
                0x0000112a      0x2cc .build/obj_hackpadv2_default/quantum/action_tapping.o
 .text.action_tapping_process
                0x000013f6      0x102 .build/obj_hackpadv2_default/quantum/action_tapping.o
                0x000013f6                action_tapping_process
 .text.get_oneshot_layer
                0x000014f8        0xc .build/obj_hackpadv2_default/quantum/action_util.o
                0x000014f8                get_oneshot_layer
 .text.get_oneshot_layer_state
                0x00001504        0x8 .build/obj_hackpadv2_default/quantum/action_util.o
                0x00001504                get_oneshot_layer_state
 .text.is_oneshot_layer_active
                0x0000150c       0x10 .build/obj_hackpadv2_default/quantum/action_util.o
                0x0000150c                is_oneshot_layer_active
 .text.get_mods
                0x0000151c        0x6 .build/obj_hackpadv2_default/quantum/action_util.o
                0x0000151c                get_mods
 .text.add_mods
                0x00001522        0xc .build/obj_hackpadv2_default/quantum/action_util.o
                0x00001522                add_mods
 .text.del_mods
                0x0000152e       0x10 .build/obj_hackpadv2_default/quantum/action_util.o
                0x0000152e                del_mods
 .text.clear_mods
                0x0000153e        0x6 .build/obj_hackpadv2_default/quantum/action_util.o
                0x0000153e                clear_mods
 .text.add_weak_mods
                0x00001544        0xc .build/obj_hackpadv2_default/quantum/action_util.o
                0x00001544                add_weak_mods
 .text.del_weak_mods
                0x00001550       0x10 .build/obj_hackpadv2_default/quantum/action_util.o
                0x00001550                del_weak_mods
 .text.clear_weak_mods
                0x00001560        0x6 .build/obj_hackpadv2_default/quantum/action_util.o
                0x00001560                clear_weak_mods
 .text.oneshot_locked_mods_changed_user
                0x00001566        0x2 .build/obj_hackpadv2_default/quantum/action_util.o
                0x00001566                oneshot_locked_mods_changed_user
 .text.oneshot_locked_mods_changed_kb
                0x00001568        0x4 .build/obj_hackpadv2_default/quantum/action_util.o
                0x00001568                oneshot_locked_mods_changed_kb
 .text.del_oneshot_locked_mods
                0x0000156c       0x16 .build/obj_hackpadv2_default/quantum/action_util.o
                0x0000156c                del_oneshot_locked_mods
 .text.oneshot_mods_changed_user
                0x00001582        0x2 .build/obj_hackpadv2_default/quantum/action_util.o
                0x00001582                oneshot_mods_changed_user
 .text.oneshot_mods_changed_kb
                0x00001584        0x4 .build/obj_hackpadv2_default/quantum/action_util.o
                0x00001584                oneshot_mods_changed_kb
 .text.add_oneshot_mods
                0x00001588       0x16 .build/obj_hackpadv2_default/quantum/action_util.o
                0x00001588                add_oneshot_mods
 .text.del_oneshot_mods
                0x0000159e       0x16 .build/obj_hackpadv2_default/quantum/action_util.o
                0x0000159e                del_oneshot_mods
 .text.clear_oneshot_mods
                0x000015b4       0x12 .build/obj_hackpadv2_default/quantum/action_util.o
                0x000015b4                clear_oneshot_mods
 .text.get_mods_for_report
                0x000015c6       0x24 .build/obj_hackpadv2_default/quantum/action_util.o
 .text.send_6kro_report
                0x000015ea       0x46 .build/obj_hackpadv2_default/quantum/action_util.o
                0x000015ea                send_6kro_report
 .text.send_nkro_report
                0x00001630       0x46 .build/obj_hackpadv2_default/quantum/action_util.o
                0x00001630                send_nkro_report
 .text.send_keyboard_report
                0x00001676       0x14 .build/obj_hackpadv2_default/quantum/action_util.o
                0x00001676                send_keyboard_report
 .text.oneshot_layer_changed_user
                0x0000168a        0x2 .build/obj_hackpadv2_default/quantum/action_util.o
                0x0000168a                oneshot_layer_changed_user
 .text.oneshot_layer_changed_kb
                0x0000168c        0x4 .build/obj_hackpadv2_default/quantum/action_util.o
                0x0000168c                oneshot_layer_changed_kb
 .text.set_oneshot_layer
                0x00001690       0x26 .build/obj_hackpadv2_default/quantum/action_util.o
                0x00001690                set_oneshot_layer
 .text.reset_oneshot_layer
                0x000016b6        0x8 .build/obj_hackpadv2_default/quantum/action_util.o
                0x000016b6                reset_oneshot_layer
 .text.clear_oneshot_layer_state
                0x000016be       0x2a .build/obj_hackpadv2_default/quantum/action_util.o
                0x000016be                clear_oneshot_layer_state
 .text.oneshot_set
                0x000016e8       0x22 .build/obj_hackpadv2_default/quantum/action_util.o
                0x000016e8                oneshot_set
 .text.oneshot_toggle
                0x0000170a        0xe .build/obj_hackpadv2_default/quantum/action_util.o
                0x0000170a                oneshot_toggle
 .text.oneshot_enable
                0x00001718        0x4 .build/obj_hackpadv2_default/quantum/action_util.o
                0x00001718                oneshot_enable
 .text.oneshot_disable
                0x0000171c        0x4 .build/obj_hackpadv2_default/quantum/action_util.o
                0x0000171c                oneshot_disable
 .text.eeconfig_init_user
                0x00001720        0x8 .build/obj_hackpadv2_default/quantum/eeconfig.o
                0x00001720                eeconfig_init_user
 .text.eeconfig_init_kb
                0x00001728        0xa .build/obj_hackpadv2_default/quantum/eeconfig.o
                0x00001728                eeconfig_init_kb
 .text.eeconfig_init_quantum
                0x00001732       0x3c .build/obj_hackpadv2_default/quantum/eeconfig.o
                0x00001732                eeconfig_init_quantum
 .text.eeconfig_init
                0x0000176e        0x4 .build/obj_hackpadv2_default/quantum/eeconfig.o
                0x0000176e                eeconfig_init
 .text.eeconfig_disable
                0x00001772        0x4 .build/obj_hackpadv2_default/quantum/eeconfig.o
                0x00001772                eeconfig_disable
 .text.eeconfig_is_enabled
                0x00001776        0x4 .build/obj_hackpadv2_default/quantum/eeconfig.o
                0x00001776                eeconfig_is_enabled
 .text.eeconfig_read_debug
                0x0000177a        0x4 .build/obj_hackpadv2_default/quantum/eeconfig.o
                0x0000177a                eeconfig_read_debug
 .text.eeconfig_read_default_layer
                0x0000177e        0x4 .build/obj_hackpadv2_default/quantum/eeconfig.o
                0x0000177e                eeconfig_read_default_layer
 .text.eeconfig_update_default_layer
                0x00001782        0x4 .build/obj_hackpadv2_default/quantum/eeconfig.o
                0x00001782                eeconfig_update_default_layer
 .text.eeconfig_read_keymap
                0x00001786        0x4 .build/obj_hackpadv2_default/quantum/eeconfig.o
                0x00001786                eeconfig_read_keymap
 .text.eeconfig_update_keymap
                0x0000178a        0x4 .build/obj_hackpadv2_default/quantum/eeconfig.o
                0x0000178a                eeconfig_update_keymap
 .text.eeconfig_update_handedness
                0x0000178e        0x4 .build/obj_hackpadv2_default/quantum/eeconfig.o
                0x0000178e                eeconfig_update_handedness
 .text.generate_tick_event
                0x00001792       0x46 .build/obj_hackpadv2_default/quantum/keyboard.o
 .text.last_matrix_activity_trigger
                0x000017d8       0x26 .build/obj_hackpadv2_default/quantum/keyboard.o
                0x000017d8                last_matrix_activity_trigger
 .text.last_encoder_activity_trigger
                0x000017fe       0x26 .build/obj_hackpadv2_default/quantum/keyboard.o
                0x000017fe                last_encoder_activity_trigger
 .text.keyboard_pre_init_user
                0x00001824        0x2 .build/obj_hackpadv2_default/quantum/keyboard.o
                0x00001824                keyboard_pre_init_user
 .text.matrix_setup
                0x00001826        0x2 .build/obj_hackpadv2_default/quantum/keyboard.o
                0x00001826                matrix_setup
 .text.keyboard_pre_init_kb
                0x00001828        0x4 .build/obj_hackpadv2_default/quantum/keyboard.o
                0x00001828                keyboard_pre_init_kb
 .text.keyboard_pre_init_modules
                0x0000182c        0x2 .build/obj_hackpadv2_default/quantum/keyboard.o
                0x0000182c                keyboard_pre_init_modules
 .text.keyboard_pre_init_quantum
                0x0000182e        0x4 .build/obj_hackpadv2_default/quantum/keyboard.o
                0x0000182e                keyboard_pre_init_quantum
 .text.keyboard_post_init_user
                0x00001832        0x2 .build/obj_hackpadv2_default/quantum/keyboard.o
                0x00001832                keyboard_post_init_user
 .text.keyboard_post_init_kb
                0x00001834        0x4 .build/obj_hackpadv2_default/quantum/keyboard.o
                0x00001834                keyboard_post_init_kb
 .text.keyboard_post_init_modules
                0x00001838        0x2 .build/obj_hackpadv2_default/quantum/keyboard.o
                0x00001838                keyboard_post_init_modules
 .text.keyboard_post_init_quantum
                0x0000183a        0x4 .build/obj_hackpadv2_default/quantum/keyboard.o
                0x0000183a                keyboard_post_init_quantum
 .text.keyboard_setup
                0x0000183e        0xa .build/obj_hackpadv2_default/quantum/keyboard.o
                0x0000183e                keyboard_setup
 .text.is_keyboard_master
                0x00001848        0x4 .build/obj_hackpadv2_default/quantum/keyboard.o
                0x00001848                is_keyboard_master
 .text.matrix_can_read
                0x0000184c        0x4 .build/obj_hackpadv2_default/quantum/keyboard.o
                0x0000184c                matrix_can_read
 .text.should_process_keypress
                0x00001850        0x4 .build/obj_hackpadv2_default/quantum/keyboard.o
                0x00001850                should_process_keypress
 .text.housekeeping_task_modules
                0x00001854        0x2 .build/obj_hackpadv2_default/quantum/keyboard.o
                0x00001854                housekeeping_task_modules
 .text.housekeeping_task_kb
                0x00001856        0x2 .build/obj_hackpadv2_default/quantum/keyboard.o
                0x00001856                housekeeping_task_kb
 .text.housekeeping_task_user
                0x00001858        0x2 .build/obj_hackpadv2_default/quantum/keyboard.o
                0x00001858                housekeeping_task_user
 .text.housekeeping_task
                0x0000185a        0x6 .build/obj_hackpadv2_default/quantum/keyboard.o
                0x0000185a                housekeeping_task
 .text.quantum_init
                0x00001860       0x22 .build/obj_hackpadv2_default/quantum/keyboard.o
                0x00001860                quantum_init
 .text.keyboard_init
                0x00001882       0x18 .build/obj_hackpadv2_default/quantum/keyboard.o
                0x00001882                keyboard_init
 .text.keyboard_task
                0x0000189a       0xf0 .build/obj_hackpadv2_default/quantum/keyboard.o
                0x0000189a                keyboard_task
 .text.action_for_keycode
                0x0000198a      0x1ea .build/obj_hackpadv2_default/quantum/keymap_common.o
                0x0000198a                action_for_keycode
 .text.keymap_key_to_keycode
                0x00001b74       0x16 .build/obj_hackpadv2_default/quantum/keymap_common.o
                0x00001b74                keymap_key_to_keycode
 .text.action_for_key
                0x00001b8a        0x4 .build/obj_hackpadv2_default/quantum/keymap_common.o
                0x00001b8a                action_for_key
 .text.keycode_config
                0x00001b8e      0x146 .build/obj_hackpadv2_default/quantum/keycode_config.o
                0x00001b8e                keycode_config
 .text.mod_config
                0x00001cd4       0xa2 .build/obj_hackpadv2_default/quantum/keycode_config.o
                0x00001cd4                mod_config
 .text.sendchar
                0x00001d76        0x4 .build/obj_hackpadv2_default/quantum/logging/sendchar.o
                0x00001d76                sendchar
 .text.process_default_layer
                0x00001d7a       0x24 .build/obj_hackpadv2_default/quantum/process_keycode/process_default_layer.o
                0x00001d7a                process_default_layer
 .text.process_oneshot
                0x00001d9e       0x34 .build/obj_hackpadv2_default/quantum/process_keycode/process_oneshot.o
                0x00001d9e                process_oneshot
 .text.process_quantum
                0x00001dd2       0x34 .build/obj_hackpadv2_default/quantum/process_keycode/process_quantum.o
                0x00001dd2                process_quantum
 .text.nvm_eeconfig_erase
                0x00001e06        0x2 .build/obj_hackpadv2_default/nvm_eeconfig.o
                0x00001e06                nvm_eeconfig_erase
 .text.nvm_eeconfig_is_enabled
                0x00001e08       0x16 .build/obj_hackpadv2_default/nvm_eeconfig.o
                0x00001e08                nvm_eeconfig_is_enabled
 .text.nvm_eeconfig_enable
                0x00001e1e        0xc .build/obj_hackpadv2_default/nvm_eeconfig.o
                0x00001e1e                nvm_eeconfig_enable
 .text.nvm_eeconfig_disable
                0x00001e2a        0xc .build/obj_hackpadv2_default/nvm_eeconfig.o
                0x00001e2a                nvm_eeconfig_disable
 .text.nvm_eeconfig_read_debug
                0x00001e36       0x16 .build/obj_hackpadv2_default/nvm_eeconfig.o
                0x00001e36                nvm_eeconfig_read_debug
 .text.nvm_eeconfig_update_debug
                0x00001e4c        0xc .build/obj_hackpadv2_default/nvm_eeconfig.o
                0x00001e4c                nvm_eeconfig_update_debug
 .text.nvm_eeconfig_read_default_layer
                0x00001e58        0xc .build/obj_hackpadv2_default/nvm_eeconfig.o
                0x00001e58                nvm_eeconfig_read_default_layer
 .text.nvm_eeconfig_update_default_layer
                0x00001e64        0xa .build/obj_hackpadv2_default/nvm_eeconfig.o
                0x00001e64                nvm_eeconfig_update_default_layer
 .text.nvm_eeconfig_read_keymap
                0x00001e6e       0x18 .build/obj_hackpadv2_default/nvm_eeconfig.o
                0x00001e6e                nvm_eeconfig_read_keymap
 .text.nvm_eeconfig_update_keymap
                0x00001e86        0xe .build/obj_hackpadv2_default/nvm_eeconfig.o
                0x00001e86                nvm_eeconfig_update_keymap
 .text.nvm_eeconfig_update_kb
                0x00001e94        0xc .build/obj_hackpadv2_default/nvm_eeconfig.o
                0x00001e94                nvm_eeconfig_update_kb
 .text.nvm_eeconfig_update_user
                0x00001ea0        0xc .build/obj_hackpadv2_default/nvm_eeconfig.o
                0x00001ea0                nvm_eeconfig_update_user
 .text.nvm_eeconfig_update_handedness
                0x00001eac        0xa .build/obj_hackpadv2_default/nvm_eeconfig.o
                0x00001eac                nvm_eeconfig_update_handedness
 .text.matrix_init_user
                0x00001eb6        0x2 .build/obj_hackpadv2_default/quantum/matrix_common.o
                0x00001eb6                matrix_init_user
 .text.matrix_init_kb
                0x00001eb8        0x4 .build/obj_hackpadv2_default/quantum/matrix_common.o
                0x00001eb8                matrix_init_kb
 .text.matrix_scan_user
                0x00001ebc        0x2 .build/obj_hackpadv2_default/quantum/matrix_common.o
                0x00001ebc                matrix_scan_user
 .text.matrix_scan_kb
                0x00001ebe        0x4 .build/obj_hackpadv2_default/quantum/matrix_common.o
                0x00001ebe                matrix_scan_kb
 .text.matrix_get_row
                0x00001ec2        0xc .build/obj_hackpadv2_default/quantum/matrix_common.o
                0x00001ec2                matrix_get_row
 .text.matrix_print
                0x00001ece        0x2 .build/obj_hackpadv2_default/quantum/matrix_common.o
                0x00001ece                matrix_print
 .text.matrix_io_delay
                0x00001ed0        0x8 .build/obj_hackpadv2_default/quantum/matrix_common.o
                0x00001ed0                matrix_io_delay
 .text.matrix_output_select_delay
                0x00001ed8        0x4 .build/obj_hackpadv2_default/quantum/matrix_common.o
                0x00001ed8                matrix_output_select_delay
 .text.matrix_output_unselect_delay
                0x00001edc        0x4 .build/obj_hackpadv2_default/quantum/matrix_common.o
                0x00001edc                matrix_output_unselect_delay
 .text.gpio_atomic_set_pin_input_high
                0x00001ee0       0x2c .build/obj_hackpadv2_default/quantum/matrix.o
 .text.matrix_init_pins
                0x00001f0c       0x18 .build/obj_hackpadv2_default/quantum/matrix.o
                0x00001f0c                matrix_init_pins
 .text.matrix_read_cols_on_row
                0x00001f24       0xb4 .build/obj_hackpadv2_default/quantum/matrix.o
                0x00001f24                matrix_read_cols_on_row
 .text.matrix_init
                0x00001fd8       0x1e .build/obj_hackpadv2_default/quantum/matrix.o
                0x00001fd8                matrix_init
 .text.matrix_scan
                0x00001ff6       0x72 .build/obj_hackpadv2_default/quantum/matrix.o
                0x00001ff6                matrix_scan
 .text.debounce_init
                0x00002068        0x2 .build/obj_hackpadv2_default/quantum/debounce/sym_defer_g.o
                0x00002068                debounce_init
 .text.debounce
                0x0000206a       0x74 .build/obj_hackpadv2_default/quantum/debounce/sym_defer_g.o
                0x0000206a                debounce
 .text.protocol_keyboard_task
                0x000020de        0x4 .build/obj_hackpadv2_default/quantum/main.o
                0x000020de                protocol_keyboard_task
 .text.startup.main
                0x000020e2       0x22 .build/obj_hackpadv2_default/quantum/main.o
                0x000020e2                main
 .text.print_set_sendchar
                0x00002104        0xa .build/obj_hackpadv2_default/platforms/avr/printf.o
                0x00002104                print_set_sendchar
 .text.oled_send_cmd
                0x0000210e       0x1a .build/obj_hackpadv2_default/oled_driver.o
                0x0000210e                oled_send_cmd
 .text.oled_send_cmd_P
                0x00002128       0x1a .build/obj_hackpadv2_default/oled_driver.o
                0x00002128                oled_send_cmd_P
 .text.oled_send_data
                0x00002142       0x24 .build/obj_hackpadv2_default/oled_driver.o
                0x00002142                oled_send_data
 .text.oled_driver_init
                0x00002166        0x6 .build/obj_hackpadv2_default/oled_driver.o
                0x00002166                oled_driver_init
 .text.oled_init_kb
                0x0000216c        0x2 .build/obj_hackpadv2_default/oled_driver.o
                0x0000216c                oled_init_kb
 .text.oled_init_user
                0x0000216e        0x4 .build/obj_hackpadv2_default/oled_driver.o
                0x0000216e                oled_init_user
 .text.oled_clear
                0x00002172       0x26 .build/obj_hackpadv2_default/oled_driver.o
                0x00002172                oled_clear
 .text.oled_init
                0x00002198       0x8a .build/obj_hackpadv2_default/oled_driver.o
                0x00002198                oled_init
 .text.oled_set_cursor
                0x00002222       0x2a .build/obj_hackpadv2_default/oled_driver.o
                0x00002222                oled_set_cursor
 .text.oled_write_raw_P
                0x0000224c       0x7e .build/obj_hackpadv2_default/oled_driver.o
                0x0000224c                oled_write_raw_P
 .text.oled_on  0x000022ca       0x52 .build/obj_hackpadv2_default/oled_driver.o
                0x000022ca                oled_on
 .text.oled_render_dirty
                0x0000231c      0x1d6 .build/obj_hackpadv2_default/oled_driver.o
                0x0000231c                oled_render_dirty
 .text.oled_off
                0x000024f2       0x38 .build/obj_hackpadv2_default/oled_driver.o
                0x000024f2                oled_off
 .text.oled_task_kb
                0x0000252a        0x6 .build/obj_hackpadv2_default/oled_driver.o
                0x0000252a                oled_task_kb
 .text.oled_task
                0x00002530       0x4a .build/obj_hackpadv2_default/oled_driver.o
                0x00002530                oled_task
 .text.should_process_encoder
                0x0000257a        0x4 .build/obj_hackpadv2_default/quantum/encoder.o
                0x0000257a                should_process_encoder
 .text.encoder_init
                0x0000257e        0xe .build/obj_hackpadv2_default/quantum/encoder.o
                0x0000257e                encoder_init
 .text.encoder_queue_full_advanced
                0x0000258c       0x1a .build/obj_hackpadv2_default/quantum/encoder.o
                0x0000258c                encoder_queue_full_advanced
 .text.encoder_queue_event_advanced
                0x000025a6       0x40 .build/obj_hackpadv2_default/quantum/encoder.o
                0x000025a6                encoder_queue_event_advanced
 .text.encoder_dequeue_event_advanced
                0x000025e6       0x3a .build/obj_hackpadv2_default/quantum/encoder.o
                0x000025e6                encoder_dequeue_event_advanced
 .text.encoder_queue_event
                0x00002620        0xa .build/obj_hackpadv2_default/quantum/encoder.o
                0x00002620                encoder_queue_event
 .text.encoder_dequeue_event
                0x0000262a        0xa .build/obj_hackpadv2_default/quantum/encoder.o
                0x0000262a                encoder_dequeue_event
 .text.encoder_update_kb
                0x00002634       0x28 .build/obj_hackpadv2_default/quantum/encoder.o
                0x00002634                encoder_update_kb
 .text.encoder_task
                0x0000265c       0x56 .build/obj_hackpadv2_default/quantum/encoder.o
                0x0000265c                encoder_task
 .text.encoder_wait_pullup_charge
                0x000026b2        0xe .build/obj_hackpadv2_default/encoder_quadrature.o
                0x000026b2                encoder_wait_pullup_charge
 .text.encoder_quadrature_init_pin
                0x000026c0       0x20 .build/obj_hackpadv2_default/encoder_quadrature.o
                0x000026c0                encoder_quadrature_init_pin
 .text.encoder_quadrature_read_pin
                0x000026e0       0x16 .build/obj_hackpadv2_default/encoder_quadrature.o
                0x000026e0                encoder_quadrature_read_pin
 .text.encoder_quadrature_post_init_kb
                0x000026f6        0x2 .build/obj_hackpadv2_default/encoder_quadrature.o
                0x000026f6                encoder_quadrature_post_init_kb
 .text.encoder_quadrature_post_init
                0x000026f8       0x52 .build/obj_hackpadv2_default/encoder_quadrature.o
                0x000026f8                encoder_quadrature_post_init
 .text.encoder_driver_init
                0x0000274a        0x8 .build/obj_hackpadv2_default/encoder_quadrature.o
                0x0000274a                encoder_driver_init
 .text.encoder_quadrature_handle_read
                0x00002752       0x6c .build/obj_hackpadv2_default/encoder_quadrature.o
                0x00002752                encoder_quadrature_handle_read
 .text.encoder_driver_task
                0x000027be       0x2e .build/obj_hackpadv2_default/encoder_quadrature.o
                0x000027be                encoder_driver_task
 .text.process_grave_esc
                0x000027ec       0x52 .build/obj_hackpadv2_default/quantum/process_keycode/process_grave_esc.o
                0x000027ec                process_grave_esc
 .text.process_magic
                0x0000283e      0x1aa .build/obj_hackpadv2_default/quantum/process_keycode/process_magic.o
                0x0000283e                process_magic
 .text.times_inv_sqrt2
                0x000029e8       0x1c .build/obj_hackpadv2_default/quantum/mousekey.o
 .text.move_unit
                0x00002a04       0x82 .build/obj_hackpadv2_default/quantum/mousekey.o
 .text.wheel_unit
                0x00002a86       0x70 .build/obj_hackpadv2_default/quantum/mousekey.o
 .text.mousekey_on
                0x00002af6       0x80 .build/obj_hackpadv2_default/quantum/mousekey.o
                0x00002af6                mousekey_on
 .text.mousekey_off
                0x00002b76       0xea .build/obj_hackpadv2_default/quantum/mousekey.o
                0x00002b76                mousekey_off
 .text.mousekey_send
                0x00002c60       0x32 .build/obj_hackpadv2_default/quantum/mousekey.o
                0x00002c60                mousekey_send
 .text.mousekey_clear
                0x00002c92       0x1a .build/obj_hackpadv2_default/quantum/mousekey.o
                0x00002c92                mousekey_clear
 .text.should_mousekey_report_send
                0x00002cac       0x28 .build/obj_hackpadv2_default/quantum/mousekey.o
                0x00002cac                should_mousekey_report_send
 .text.mousekey_task
                0x00002cd4      0x1ae .build/obj_hackpadv2_default/quantum/mousekey.o
                0x00002cd4                mousekey_task
 .text.perform_space_cadet
                0x00002e82       0xce .build/obj_hackpadv2_default/quantum/process_keycode/process_space_cadet.o
                0x00002e82                perform_space_cadet
 .text.process_space_cadet
                0x00002f50       0x80 .build/obj_hackpadv2_default/quantum/process_keycode/process_space_cadet.o
                0x00002f50                process_space_cadet
 .text.host_set_driver
                0x00002fd0        0xa .build/obj_hackpadv2_default/protocol/host.o
                0x00002fd0                host_set_driver
 .text.host_init
                0x00002fda        0x2 .build/obj_hackpadv2_default/protocol/host.o
                0x00002fda                host_init
 .text.host_task
                0x00002fdc        0x2 .build/obj_hackpadv2_default/protocol/host.o
                0x00002fdc                host_task
 .text.host_can_send_nkro
                0x00002fde        0xe .build/obj_hackpadv2_default/protocol/host.o
                0x00002fde                host_can_send_nkro
 .text.host_keyboard_leds
                0x00002fec       0x1e .build/obj_hackpadv2_default/protocol/host.o
                0x00002fec                host_keyboard_leds
 .text.host_keyboard_send
                0x0000300a       0x1a .build/obj_hackpadv2_default/protocol/host.o
                0x0000300a                host_keyboard_send
 .text.host_nkro_send
                0x00003024       0x24 .build/obj_hackpadv2_default/protocol/host.o
                0x00003024                host_nkro_send
 .text.host_mouse_send
                0x00003048       0x24 .build/obj_hackpadv2_default/protocol/host.o
                0x00003048                host_mouse_send
 .text.host_system_send
                0x0000306c       0x4e .build/obj_hackpadv2_default/protocol/host.o
                0x0000306c                host_system_send
 .text.host_consumer_send
                0x000030ba       0x4e .build/obj_hackpadv2_default/protocol/host.o
                0x000030ba                host_consumer_send
 .text.has_anykey
                0x00003108       0x4c .build/obj_hackpadv2_default/protocol/report.o
                0x00003108                has_anykey
 .text.is_key_pressed
                0x00003154       0x70 .build/obj_hackpadv2_default/protocol/report.o
                0x00003154                is_key_pressed
 .text.add_key_byte
                0x000031c4       0x36 .build/obj_hackpadv2_default/protocol/report.o
                0x000031c4                add_key_byte
 .text.del_key_byte
                0x000031fa       0x18 .build/obj_hackpadv2_default/protocol/report.o
                0x000031fa                del_key_byte
 .text.add_key_bit
                0x00003212       0x26 .build/obj_hackpadv2_default/protocol/report.o
                0x00003212                add_key_bit
 .text.del_key_bit
                0x00003238       0x28 .build/obj_hackpadv2_default/protocol/report.o
                0x00003238                del_key_bit
 .text.add_key_to_report
                0x00003260       0x2e .build/obj_hackpadv2_default/protocol/report.o
                0x00003260                add_key_to_report
 .text.del_key_from_report
                0x0000328e       0x2e .build/obj_hackpadv2_default/protocol/report.o
                0x0000328e                del_key_from_report
 .text.clear_keys_from_report
                0x000032bc       0x30 .build/obj_hackpadv2_default/protocol/report.o
                0x000032bc                clear_keys_from_report
 .text.has_mouse_report_changed
                0x000032ec       0x5a .build/obj_hackpadv2_default/protocol/report.o
                0x000032ec                has_mouse_report_changed
 .text.notify_usb_device_state_change_user
                0x00003346        0x2 .build/obj_hackpadv2_default/protocol/usb_device_state.o
                0x00003346                notify_usb_device_state_change_user
 .text.notify_usb_device_state_change_kb
                0x00003348        0x4 .build/obj_hackpadv2_default/protocol/usb_device_state.o
                0x00003348                notify_usb_device_state_change_kb
 .text.usb_device_state_set_configuration
                0x0000334c       0x18 .build/obj_hackpadv2_default/protocol/usb_device_state.o
                0x0000334c                usb_device_state_set_configuration
 .text.usb_device_state_set_suspend
                0x00003364       0x18 .build/obj_hackpadv2_default/protocol/usb_device_state.o
                0x00003364                usb_device_state_set_suspend
 .text.usb_device_state_set_resume
                0x0000337c        0x4 .build/obj_hackpadv2_default/protocol/usb_device_state.o
                0x0000337c                usb_device_state_set_resume
 .text.usb_device_state_set_reset
                0x00003380       0x18 .build/obj_hackpadv2_default/protocol/usb_device_state.o
                0x00003380                usb_device_state_set_reset
 .text.usb_device_state_init
                0x00003398        0x4 .build/obj_hackpadv2_default/protocol/usb_device_state.o
                0x00003398                usb_device_state_init
 .text.usb_device_state_set_protocol
                0x0000339c       0x1e .build/obj_hackpadv2_default/protocol/usb_device_state.o
                0x0000339c                usb_device_state_set_protocol
 .text.usb_device_state_get_protocol
                0x000033ba        0x6 .build/obj_hackpadv2_default/protocol/usb_device_state.o
                0x000033ba                usb_device_state_get_protocol
 .text.usb_device_state_set_leds
                0x000033c0       0x16 .build/obj_hackpadv2_default/protocol/usb_device_state.o
                0x000033c0                usb_device_state_set_leds
 .text.usb_device_state_get_leds
                0x000033d6        0x6 .build/obj_hackpadv2_default/protocol/usb_device_state.o
                0x000033d6                usb_device_state_get_leds
 .text.usb_device_state_set_idle_rate
                0x000033dc       0x16 .build/obj_hackpadv2_default/protocol/usb_device_state.o
                0x000033dc                usb_device_state_set_idle_rate
 .text.usb_device_state_get_idle_rate
                0x000033f2        0x6 .build/obj_hackpadv2_default/protocol/usb_device_state.o
                0x000033f2                usb_device_state_get_idle_rate
 .text.suspend_wakeup_init_user
                0x000033f8        0x2 .build/obj_hackpadv2_default/platforms/suspend.o
                0x000033f8                suspend_wakeup_init_user
 .text.suspend_power_down_user
                0x000033fa        0x2 .build/obj_hackpadv2_default/platforms/suspend.o
                0x000033fa                suspend_power_down_user
 .text.suspend_power_down_kb
                0x000033fc        0x4 .build/obj_hackpadv2_default/platforms/suspend.o
                0x000033fc                suspend_power_down_kb
 .text.matrix_power_up
                0x00003400        0x2 .build/obj_hackpadv2_default/platforms/suspend.o
                0x00003400                matrix_power_up
 .text.matrix_power_down
                0x00003402        0x2 .build/obj_hackpadv2_default/platforms/suspend.o
                0x00003402                matrix_power_down
 .text.suspend_wakeup_init_kb
                0x00003404        0x4 .build/obj_hackpadv2_default/platforms/suspend.o
                0x00003404                suspend_wakeup_init_kb
 .text.suspend_wakeup_condition
                0x00003408       0x40 .build/obj_hackpadv2_default/platforms/suspend.o
                0x00003408                suspend_wakeup_condition
 .text.keypress_is_wakeup_key
                0x00003448       0x28 .build/obj_hackpadv2_default/platforms/suspend.o
                0x00003448                keypress_is_wakeup_key
 .text.wakeup_matrix_handle_key_event
                0x00003470       0x20 .build/obj_hackpadv2_default/platforms/suspend.o
                0x00003470                wakeup_matrix_handle_key_event
 .text.timer_elapsed
                0x00003490       0x12 .build/obj_hackpadv2_default/platforms/timer.o
                0x00003490                timer_elapsed
 .text.platform_setup
                0x000034a2        0xe .build/obj_hackpadv2_default/platforms/avr/platform.o
                0x000034a2                platform_setup
 .text.__vector_12
                0x000034b0       0x4e .build/obj_hackpadv2_default/platforms/avr/suspend.o
                0x000034b0                __vector_12
 .text.suspend_power_down
                0x000034fe       0x56 .build/obj_hackpadv2_default/platforms/avr/suspend.o
                0x000034fe                suspend_power_down
 .text.suspend_wakeup_init
                0x00003554        0x8 .build/obj_hackpadv2_default/platforms/avr/suspend.o
                0x00003554                suspend_wakeup_init
 .text.timer_init
                0x0000355c       0x12 .build/obj_hackpadv2_default/platforms/avr/timer.o
                0x0000355c                timer_init
 .text.timer_read
                0x0000356e       0x18 .build/obj_hackpadv2_default/platforms/avr/timer.o
                0x0000356e                timer_read
 .text.timer_read32
                0x00003586       0x18 .build/obj_hackpadv2_default/platforms/avr/timer.o
                0x00003586                timer_read32
 .text.__vector_21
                0x0000359e       0x48 .build/obj_hackpadv2_default/platforms/avr/timer.o
                0x0000359e                __vector_21
 .text.bootloader_jump
                0x000035e6       0x22 .build/obj_hackpadv2_default/platforms/avr/bootloaders/caterina.o
                0x000035e6                bootloader_jump
 .text.mcu_reset
                0x00003608       0x16 .build/obj_hackpadv2_default/platforms/avr/bootloaders/caterina.o
                0x00003608                mcu_reset
 .text.i2c_start_impl
                0x0000361e       0x9a .build/obj_hackpadv2_default/i2c_master.a(i2c_master.o)
 .text.i2c_init
                0x000036b8        0xc .build/obj_hackpadv2_default/i2c_master.a(i2c_master.o)
                0x000036b8                i2c_init
 .text.i2c_write
                0x000036c4       0x56 .build/obj_hackpadv2_default/i2c_master.a(i2c_master.o)
                0x000036c4                i2c_write
 .text.i2c_transmit
                0x0000371a       0x90 .build/obj_hackpadv2_default/i2c_master.a(i2c_master.o)
                0x0000371a                i2c_transmit
 .text.i2c_transmit_P
                0x000037aa       0x88 .build/obj_hackpadv2_default/i2c_master.a(i2c_master.o)
                0x000037aa                i2c_transmit_P
 .text.i2c_write_register
                0x00003832       0x98 .build/obj_hackpadv2_default/i2c_master.a(i2c_master.o)
                0x00003832                i2c_write_register
 .text.send_report
                0x000038ca       0x44 .build/obj_hackpadv2_default/lufa.o
                0x000038ca                send_report
 .text.send_extra
                0x0000390e        0xa .build/obj_hackpadv2_default/lufa.o
 .text.send_mouse
                0x00003918        0xa .build/obj_hackpadv2_default/lufa.o
 .text.send_nkro
                0x00003922        0xa .build/obj_hackpadv2_default/lufa.o
 .text.send_keyboard
                0x0000392c       0x28 .build/obj_hackpadv2_default/lufa.o
 .text.EVENT_USB_Device_Connect
                0x00003954       0x18 .build/obj_hackpadv2_default/lufa.o
                0x00003954                EVENT_USB_Device_Connect
 .text.EVENT_USB_Device_Disconnect
                0x0000396c        0x6 .build/obj_hackpadv2_default/lufa.o
                0x0000396c                EVENT_USB_Device_Disconnect
 .text.EVENT_USB_Device_Reset
                0x00003972        0x6 .build/obj_hackpadv2_default/lufa.o
                0x00003972                EVENT_USB_Device_Reset
 .text.EVENT_USB_Device_Suspend
                0x00003978        0xe .build/obj_hackpadv2_default/lufa.o
                0x00003978                EVENT_USB_Device_Suspend
 .text.EVENT_USB_Device_WakeUp
                0x00003986       0x12 .build/obj_hackpadv2_default/lufa.o
                0x00003986                EVENT_USB_Device_WakeUp
 .text.EVENT_USB_Device_ConfigurationChanged
                0x00003998       0x22 .build/obj_hackpadv2_default/lufa.o
                0x00003998                EVENT_USB_Device_ConfigurationChanged
 .text.EVENT_USB_Device_ControlRequest
                0x000039ba      0x15c .build/obj_hackpadv2_default/lufa.o
                0x000039ba                EVENT_USB_Device_ControlRequest
 .text.protocol_setup
                0x00003b16       0x30 .build/obj_hackpadv2_default/lufa.o
                0x00003b16                protocol_setup
 .text.protocol_pre_init
                0x00003b46       0x12 .build/obj_hackpadv2_default/lufa.o
                0x00003b46                protocol_pre_init
 .text.protocol_post_init
                0x00003b58        0x6 .build/obj_hackpadv2_default/lufa.o
                0x00003b58                protocol_post_init
 .text.protocol_pre_task
                0x00003b5e       0x2c .build/obj_hackpadv2_default/lufa.o
                0x00003b5e                protocol_pre_task
 .text.protocol_post_task
                0x00003b8a        0x2 .build/obj_hackpadv2_default/lufa.o
                0x00003b8a                protocol_post_task
 .text.CALLBACK_USB_GetDescriptor
                0x00003b8c        0xc .build/obj_hackpadv2_default/lufa.o
                0x00003b8c                CALLBACK_USB_GetDescriptor
 .text.get_usb_descriptor
                0x00003b98       0xaa .build/obj_hackpadv2_default/usb_descriptor.o
                0x00003b98                get_usb_descriptor
 .text.USB_Device_SendRemoteWakeup
                0x00003c42       0x2c .build/obj_hackpadv2_default/lib/lufa/LUFA/Drivers/USB/Core/AVR8/Device_AVR8.o
                0x00003c42                USB_Device_SendRemoteWakeup
 .text.Endpoint_Write_Stream_LE
                0x00003c6e       0x9a .build/obj_hackpadv2_default/lib/lufa/LUFA/Drivers/USB/Core/AVR8/EndpointStream_AVR8.o
                0x00003c6e                Endpoint_Write_Stream_LE
 .text.Endpoint_Write_Control_Stream_LE
                0x00003d08       0xbc .build/obj_hackpadv2_default/lib/lufa/LUFA/Drivers/USB/Core/AVR8/EndpointStream_AVR8.o
                0x00003d08                Endpoint_Write_Control_Stream_LE
 .text.Endpoint_Write_Control_PStream_LE
                0x00003dc4       0xbe .build/obj_hackpadv2_default/lib/lufa/LUFA/Drivers/USB/Core/AVR8/EndpointStream_AVR8.o
                0x00003dc4                Endpoint_Write_Control_PStream_LE
 .text.Endpoint_ConfigureEndpoint_Prv
                0x00003e82       0x68 .build/obj_hackpadv2_default/lib/lufa/LUFA/Drivers/USB/Core/AVR8/Endpoint_AVR8.o
                0x00003e82                Endpoint_ConfigureEndpoint_Prv
 .text.Endpoint_ClearStatusStage
                0x00003eea       0x3e .build/obj_hackpadv2_default/lib/lufa/LUFA/Drivers/USB/Core/AVR8/Endpoint_AVR8.o
                0x00003eea                Endpoint_ClearStatusStage
 .text.Endpoint_WaitUntilReady
                0x00003f28       0x62 .build/obj_hackpadv2_default/lib/lufa/LUFA/Drivers/USB/Core/AVR8/Endpoint_AVR8.o
                0x00003f28                Endpoint_WaitUntilReady
 .text.USB_Disable
                0x00003f8a       0x2e .build/obj_hackpadv2_default/lib/lufa/LUFA/Drivers/USB/Core/AVR8/USBController_AVR8.o
                0x00003f8a                USB_Disable
 .text.USB_ResetInterface
                0x00003fb8       0x74 .build/obj_hackpadv2_default/lib/lufa/LUFA/Drivers/USB/Core/AVR8/USBController_AVR8.o
                0x00003fb8                USB_ResetInterface
 .text.USB_Init
                0x0000402c       0x1e .build/obj_hackpadv2_default/lib/lufa/LUFA/Drivers/USB/Core/AVR8/USBController_AVR8.o
                0x0000402c                USB_Init
 .text.USB_INT_DisableAllInterrupts
                0x0000404a       0x10 .build/obj_hackpadv2_default/lib/lufa/LUFA/Drivers/USB/Core/AVR8/USBInterrupt_AVR8.o
                0x0000404a                USB_INT_DisableAllInterrupts
 .text.USB_INT_ClearAllInterrupts
                0x0000405a        0xa .build/obj_hackpadv2_default/lib/lufa/LUFA/Drivers/USB/Core/AVR8/USBInterrupt_AVR8.o
                0x0000405a                USB_INT_ClearAllInterrupts
 .text.__vector_10
                0x00004064      0x198 .build/obj_hackpadv2_default/lib/lufa/LUFA/Drivers/USB/Core/AVR8/USBInterrupt_AVR8.o
                0x00004064                __vector_10
 .text.__vector_11
                0x000041fc       0x84 .build/obj_hackpadv2_default/lib/lufa/LUFA/Drivers/USB/Core/AVR8/USBInterrupt_AVR8.o
                0x000041fc                __vector_11
 .text.USB_Device_ProcessControlRequest
                0x00004280      0x270 .build/obj_hackpadv2_default/lib/lufa/LUFA/Drivers/USB/Core/DeviceStandardReq.o
                0x00004280                USB_Device_ProcessControlRequest
 .text.USB_Event_Stub
                0x000044f0        0x2 .build/obj_hackpadv2_default/lib/lufa/LUFA/Drivers/USB/Core/Events.o
                0x000044f0                EVENT_USB_Device_StartOfFrame
                0x000044f0                USB_Event_Stub
 .text.USB_USBTask
                0x000044f2       0x32 .build/obj_hackpadv2_default/lib/lufa/LUFA/Drivers/USB/Core/USBTask.o
                0x000044f2                USB_USBTask
 .text.libgcc.div
                0x00004524       0x28 C:/QMK_MSYS/opt/qmk/bin/../lib/gcc/avr/15.2.0/avr5\libgcc.a(_udivmodhi4.o)
                0x00004524                __udivmodhi4
 .text.libgcc.div
                0x0000454c       0x26 C:/QMK_MSYS/opt/qmk/bin/../lib/gcc/avr/15.2.0/avr5\libgcc.a(_divmodhi4.o)
                0x0000454c                _div
                0x0000454c                __divmodhi4
 .text.libgcc   0x00004572        0xc C:/QMK_MSYS/opt/qmk/bin/../lib/gcc/avr/15.2.0/avr5\libgcc.a(_tablejump2.o)
                0x00004572                __tablejump2__
 .text.libgcc.prologue
                0x0000457e       0x38 C:/QMK_MSYS/opt/qmk/bin/../lib/gcc/avr/15.2.0/avr5\libgcc.a(_prologue.o)
                0x0000457e                __prologue_saves__
 .text.libgcc.prologue
                0x000045b6       0x36 C:/QMK_MSYS/opt/qmk/bin/../lib/gcc/avr/15.2.0/avr5\libgcc.a(_epilogue.o)
                0x000045b6                __epilogue_restores__
 .text.avr-libc
                0x000045ec       0x1a C:/QMK_MSYS/opt/qmk/bin/../lib/gcc/avr/15.2.0/../../../../avr/lib/avr5\libc.a(memcmp.o)
                0x000045ec                memcmp
 .text.avr-libc
                0x00004606       0x10 C:/QMK_MSYS/opt/qmk/bin/../lib/gcc/avr/15.2.0/../../../../avr/lib/avr5\libatmega32u4.a(eerd_byte.o)
                0x00004606                eeprom_read_byte
 .text.avr-libc
                0x00004616        0xa C:/QMK_MSYS/opt/qmk/bin/../lib/gcc/avr/15.2.0/../../../../avr/lib/avr5\libatmega32u4.a(eerd_word.o)
                0x00004616                eeprom_read_word
 .text.avr-libc
                0x00004620       0x24 C:/QMK_MSYS/opt/qmk/bin/../lib/gcc/avr/15.2.0/../../../../avr/lib/avr5\libatmega32u4.a(eeupd_byte.o)
                0x00004620                eeprom_update_byte
                0x00004622                eeprom_update_r18
 .text.avr-libc
                0x00004644       0x10 C:/QMK_MSYS/opt/qmk/bin/../lib/gcc/avr/15.2.0/../../../../avr/lib/avr5\libatmega32u4.a(eeupd_dword.o)
                0x00004644                eeprom_update_float
                0x00004644                eeprom_update_dword
 .text.avr-libc
                0x00004654        0x8 C:/QMK_MSYS/opt/qmk/bin/../lib/gcc/avr/15.2.0/../../../../avr/lib/avr5\libatmega32u4.a(eeupd_word.o)
                0x00004654                eeprom_update_word
 .text.avr-libc
                0x0000465c       0x20 C:/QMK_MSYS/opt/qmk/bin/../lib/gcc/avr/15.2.0/../../../../avr/lib/avr5\libatmega32u4.a(eerd_block.o)
                0x0000465c                eeprom_read_block
                0x00004660                eeprom_read_blraw
                0x0000467c                        . = ALIGN (0x2)
 *(.fini9)
 .fini9         0x0000467c        0x0 C:/QMK_MSYS/opt/qmk/bin/../lib/gcc/avr/15.2.0/avr5\libgcc.a(_exit.o)
                0x0000467c                _exit
                0x0000467c                exit
 *(.fini9)
 *(.fini8)
 *(.fini8)
 *(.fini7)
 *(.fini7)
 *(.fini6)
 *(.fini6)
 *(.fini5)
 *(.fini5)
 *(.fini4)
 *(.fini4)
 *(.fini3)
 *(.fini3)
 *(.fini2)
 *(.fini2)
 *(.fini1)
 *(.fini1)
 *(.fini0)
 .fini0         0x0000467c        0x4 C:/QMK_MSYS/opt/qmk/bin/../lib/gcc/avr/15.2.0/avr5\libgcc.a(_exit.o)
 *(.fini0)
 *(.hightext)
 *(.hightext*)
 *(.progmemx.*)
                0x00004680                        . = ALIGN (0x2)
 *(.jumptables)
 *(.jumptables*)
 .jumptables.gcc.process_action
                0x00004680       0x18 .build/obj_hackpadv2_default/quantum/action.o
 .jumptables.gcc.process_magic
                0x00004698       0x44 .build/obj_hackpadv2_default/quantum/process_keycode/process_magic.o
 .jumptables.gcc.mousekey_on
                0x000046dc       0x26 .build/obj_hackpadv2_default/quantum/mousekey.o
 .jumptables.gcc.process_space_cadet
                0x00004702        0xe .build/obj_hackpadv2_default/quantum/process_keycode/process_space_cadet.o
 .jumptables.gcc.USB_Device_ProcessControlRequest
                0x00004710       0x14 .build/obj_hackpadv2_default/lib/lufa/LUFA/Drivers/USB/Core/DeviceStandardReq.o
                0x00004724                        _etext = .

.data           0x00800100       0xac load address 0x00004724
                0x00800100                        PROVIDE (__data_start = .)
 *(.data)
 *(.data*)
 .data.nkro_report
                0x00800100        0x2 .build/obj_hackpadv2_default/quantum/action_util.o
                0x00800100                nkro_report
 .data.keyboard_report
                0x00800102        0x2 .build/obj_hackpadv2_default/quantum/action_util.o
                0x00800102                keyboard_report
 .data.display_start.10
                0x00800104        0x7 .build/obj_hackpadv2_default/oled_driver.o
 .data.mk_wheel_time_to_max
                0x0080010b        0x1 .build/obj_hackpadv2_default/quantum/mousekey.o
                0x0080010b                mk_wheel_time_to_max
 .data.mk_wheel_max_speed
                0x0080010c        0x1 .build/obj_hackpadv2_default/quantum/mousekey.o
                0x0080010c                mk_wheel_max_speed
 .data.mk_wheel_interval
                0x0080010d        0x1 .build/obj_hackpadv2_default/quantum/mousekey.o
                0x0080010d                mk_wheel_interval
 .data.mk_wheel_delay
                0x0080010e        0x1 .build/obj_hackpadv2_default/quantum/mousekey.o
                0x0080010e                mk_wheel_delay
 .data.mk_time_to_max
                0x0080010f        0x1 .build/obj_hackpadv2_default/quantum/mousekey.o
                0x0080010f                mk_time_to_max
 .data.mk_max_speed
                0x00800110        0x1 .build/obj_hackpadv2_default/quantum/mousekey.o
                0x00800110                mk_max_speed
 .data.mk_interval
                0x00800111        0x1 .build/obj_hackpadv2_default/quantum/mousekey.o
                0x00800111                mk_interval
 .data.mk_delay
                0x00800112        0x1 .build/obj_hackpadv2_default/quantum/mousekey.o
                0x00800112                mk_delay
 .data.usb_device_state
                0x00800113        0x4 .build/obj_hackpadv2_default/protocol/usb_device_state.o
 .data.lufa_driver
                0x00800117        0xa .build/obj_hackpadv2_default/lufa.o
                0x00800117                lufa_driver
 *(.gnu.linkonce.d*)
 *(.rodata)
 *(.rodata*)
 .rodata.CSWTCH.6
                0x00800121       0x36 .build/obj_hackpadv2_default/quantum/action.o
 .rodata.CSWTCH.3
                0x00800157       0x36 .build/obj_hackpadv2_default/quantum/keymap_common.o
 .rodata.col_pins
                0x0080018d        0x3 .build/obj_hackpadv2_default/quantum/matrix.o
 .rodata.row_pins
                0x00800190        0x3 .build/obj_hackpadv2_default/quantum/matrix.o
 .rodata.source_map.7
                0x00800193        0x4 .build/obj_hackpadv2_default/oled_driver.o
 .rodata.target_map.8
                0x00800197        0x4 .build/obj_hackpadv2_default/oled_driver.o
 .rodata.encoder_LUT
                0x0080019b       0x10 .build/obj_hackpadv2_default/encoder_quadrature.o
 *(.gnu.linkonce.r*)
                0x008001ac                        . = ALIGN (0x2)
 *fill*         0x008001ab        0x1 
                0x008001ac                        _edata = .
                0x008001ac                        PROVIDE (__data_end = .)

.bss            0x008001ac      0x334
                0x008001ac                        PROVIDE (__bss_start = .)
 *(.bss)
 .bss           0x008001ac        0x2 .build/obj_hackpadv2_default/platforms/avr/xprintf.o
                0x008001ac                xfunc_out
 *(.bss*)
 .bss.last_led_status.0
                0x008001ae        0x1 .build/obj_hackpadv2_default/quantum/led.o
 .bss.last_led_modification_time
                0x008001af        0x4 .build/obj_hackpadv2_default/quantum/led.o
 .bss.disable_action_cache
                0x008001b3        0x1 .build/obj_hackpadv2_default/quantum/action.o
                0x008001b3                disable_action_cache
 .bss.source_layers_cache
                0x008001b4        0x8 .build/obj_hackpadv2_default/quantum/action_layer.o
                0x008001b4                source_layers_cache
 .bss.layer_state
                0x008001bc        0x2 .build/obj_hackpadv2_default/quantum/action_layer.o
                0x008001bc                layer_state
 .bss.default_layer_state
                0x008001be        0x2 .build/obj_hackpadv2_default/quantum/action_layer.o
                0x008001be                default_layer_state
 .bss.waiting_buffer_tail
                0x008001c0        0x1 .build/obj_hackpadv2_default/quantum/action_tapping.o
 .bss.waiting_buffer_head
                0x008001c1        0x1 .build/obj_hackpadv2_default/quantum/action_tapping.o
 .bss.waiting_buffer
                0x008001c2       0x38 .build/obj_hackpadv2_default/quantum/action_tapping.o
 .bss.tapping_key
                0x008001fa        0x7 .build/obj_hackpadv2_default/quantum/action_tapping.o
 .bss.last_report.0
                0x00800201       0x20 .build/obj_hackpadv2_default/quantum/action_util.o
 .bss.last_report.1
                0x00800221        0x8 .build/obj_hackpadv2_default/quantum/action_util.o
 .bss.oneshot_layer_data
                0x00800229        0x1 .build/obj_hackpadv2_default/quantum/action_util.o
 .bss.oneshot_locked_mods
                0x0080022a        0x1 .build/obj_hackpadv2_default/quantum/action_util.o
 .bss.oneshot_mods
                0x0080022b        0x1 .build/obj_hackpadv2_default/quantum/action_util.o
 .bss.__compound_literal.1
                0x0080022c       0x20 .build/obj_hackpadv2_default/quantum/action_util.o
 .bss.__compound_literal.0
                0x0080024c        0x8 .build/obj_hackpadv2_default/quantum/action_util.o
 .bss.weak_mods
                0x00800254        0x1 .build/obj_hackpadv2_default/quantum/action_util.o
 .bss.real_mods
                0x00800255        0x1 .build/obj_hackpadv2_default/quantum/action_util.o
 .bss.last_tick.0
                0x00800256        0x2 .build/obj_hackpadv2_default/quantum/keyboard.o
 .bss.last_encoder_modification_time
                0x00800258        0x4 .build/obj_hackpadv2_default/quantum/keyboard.o
 .bss.last_matrix_modification_time
                0x0080025c        0x4 .build/obj_hackpadv2_default/quantum/keyboard.o
 .bss.last_input_modification_time
                0x00800260        0x4 .build/obj_hackpadv2_default/quantum/keyboard.o
 .bss.debug_config
                0x00800264        0x1 .build/obj_hackpadv2_default/quantum/logging/debug.o
                0x00800264                debug_config
 .bss.debouncing_time.0
                0x00800265        0x2 .build/obj_hackpadv2_default/quantum/debounce/sym_defer_g.o
 .bss.debouncing.1
                0x00800267        0x1 .build/obj_hackpadv2_default/quantum/debounce/sym_defer_g.o
 .bss.temp_buffer.9
                0x00800268       0x20 .build/obj_hackpadv2_default/oled_driver.o
 .bss.oled_rotation_width
                0x00800288        0x1 .build/obj_hackpadv2_default/oled_driver.o
                0x00800288                oled_rotation_width
 .bss.oled_rotation
                0x00800289        0x1 .build/obj_hackpadv2_default/oled_driver.o
                0x00800289                oled_rotation
 .bss.oled_scrolling
                0x0080028a        0x1 .build/obj_hackpadv2_default/oled_driver.o
                0x0080028a                oled_scrolling
 .bss.oled_active
                0x0080028b        0x1 .build/obj_hackpadv2_default/oled_driver.o
                0x0080028b                oled_active
 .bss.oled_initialized
                0x0080028c        0x1 .build/obj_hackpadv2_default/oled_driver.o
                0x0080028c                oled_initialized
 .bss.oled_dirty
                0x0080028d        0x2 .build/obj_hackpadv2_default/oled_driver.o
                0x0080028d                oled_dirty
 .bss.signal_queue_drain
                0x0080028f        0x1 .build/obj_hackpadv2_default/quantum/encoder.o
 .bss.encoder_events
                0x00800290        0x8 .build/obj_hackpadv2_default/quantum/encoder.o
 .bss.thisCount
                0x00800298        0x1 .build/obj_hackpadv2_default/encoder_quadrature.o
 .bss.encoder_pulses
                0x00800299        0x1 .build/obj_hackpadv2_default/encoder_quadrature.o
 .bss.encoder_state
                0x0080029a        0x1 .build/obj_hackpadv2_default/encoder_quadrature.o
 .bss.grave_esc_was_shifted
                0x0080029b        0x1 .build/obj_hackpadv2_default/quantum/process_keycode/process_grave_esc.o
 .bss.last_timer_w
                0x0080029c        0x2 .build/obj_hackpadv2_default/quantum/mousekey.o
 .bss.last_timer_c
                0x0080029e        0x2 .build/obj_hackpadv2_default/quantum/mousekey.o
 .bss.mousekey_wheel_repeat
                0x008002a0        0x1 .build/obj_hackpadv2_default/quantum/mousekey.o
 .bss.mousekey_repeat
                0x008002a1        0x1 .build/obj_hackpadv2_default/quantum/mousekey.o
 .bss.mousekey_accel
                0x008002a2        0x1 .build/obj_hackpadv2_default/quantum/mousekey.o
 .bss.mouse_report
                0x008002a3        0x6 .build/obj_hackpadv2_default/quantum/mousekey.o
 .bss.sc_timer  0x008002a9        0x2 .build/obj_hackpadv2_default/quantum/process_keycode/process_space_cadet.o
 .bss.sc_last   0x008002ab        0x1 .build/obj_hackpadv2_default/quantum/process_keycode/process_space_cadet.o
 .bss.last_consumer_usage
                0x008002ac        0x2 .build/obj_hackpadv2_default/protocol/host.o
 .bss.last_system_usage
                0x008002ae        0x2 .build/obj_hackpadv2_default/protocol/host.o
 .bss.driver    0x008002b0        0x2 .build/obj_hackpadv2_default/protocol/host.o
 .bss.wakeup_matrix
                0x008002b2        0x3 .build/obj_hackpadv2_default/platforms/suspend.o
 .bss.wdt_timeout
                0x008002b5        0x1 .build/obj_hackpadv2_default/platforms/avr/suspend.o
 .bss.keyboard_report_sent
                0x008002b6        0x8 .build/obj_hackpadv2_default/lufa.o
 *(COMMON)
 COMMON         0x008002be        0x3 .build/obj_hackpadv2_default/quantum/keyboard.o
                0x008002be                matrix_previous
 COMMON         0x008002c1        0x2 .build/obj_hackpadv2_default/quantum/keycode_config.o
                0x008002c1                keymap_config
 COMMON         0x008002c3        0x6 .build/obj_hackpadv2_default/quantum/matrix_common.o
                0x008002c3                raw_matrix
                0x008002c6                matrix
 COMMON         0x008002c9      0x206 .build/obj_hackpadv2_default/oled_driver.o
                0x008002c9                oled_buffer
                0x008004c9                oled_timeout
                0x008004cd                oled_cursor
 COMMON         0x008004cf        0x4 .build/obj_hackpadv2_default/platforms/avr/timer.o
                0x008004cf                timer_count
 COMMON         0x008004d3        0x3 .build/obj_hackpadv2_default/lib/lufa/LUFA/Drivers/USB/Core/DeviceStandardReq.o
                0x008004d3                USB_Device_ConfigurationNumber
                0x008004d4                USB_Device_CurrentlySelfPowered
                0x008004d5                USB_Device_RemoteWakeupEnabled
 COMMON         0x008004d6        0xa .build/obj_hackpadv2_default/lib/lufa/LUFA/Drivers/USB/Core/USBTask.o
                0x008004d6                USB_IsInitialized
                0x008004d7                USB_DeviceState
                0x008004d8                USB_ControlRequest
                0x008004e0                        PROVIDE (__bss_end = .)
                0x00004724                        __data_load_start = LOADADDR (.data)
                0x000047d0                        __data_load_end = (__data_load_start + SIZEOF (.data))

.noinit         0x008004e0        0x0
                [!provide]                        PROVIDE (__noinit_start = .)
 *(.noinit .noinit.* .gnu.linkonce.n.*)
                [!provide]                        PROVIDE (__noinit_end = .)
                0x008004e0                        _end = .
                [!provide]                        PROVIDE (__heap_start = .)
                0x00000000                        __flmap_init_label = DEFINED (__flmap_noinit_start)?__flmap_noinit_start:0x0
                0x00000000                        __flmap = DEFINED (__flmap)?__flmap:0x0

.eeprom         0x00810000        0x0
 *(.eeprom*)
                0x00810000                        __eeprom_end = .

.fuse
 *(.fuse)
 *(.lfuse)
 *(.hfuse)
 *(.efuse)

.lock
 *(.lock*)

.signature
 *(.signature*)

.stab
 *(.stab)

.stabstr
 *(.stabstr)

.stab.excl
 *(.stab.excl)

.stab.exclstr
 *(.stab.exclstr)

.stab.index
 *(.stab.index)

.stab.indexstr
 *(.stab.indexstr)

.comment        0x00000000       0x4c
 *(.comment)
 .comment       0x00000000       0x4c .build/obj_hackpadv2_default/quantum/keymap_introspection.o
                                 0x4d (size before relaxing)
 .comment       0x0000004c       0x4d .build/obj_hackpadv2_default/quantum/quantum.o
 .comment       0x0000004c       0x4d .build/obj_hackpadv2_default/quantum/led.o
 .comment       0x0000004c       0x4d .build/obj_hackpadv2_default/quantum/action.o
 .comment       0x0000004c       0x4d .build/obj_hackpadv2_default/quantum/action_layer.o
 .comment       0x0000004c       0x4d .build/obj_hackpadv2_default/quantum/action_tapping.o
 .comment       0x0000004c       0x4d .build/obj_hackpadv2_default/quantum/action_util.o
 .comment       0x0000004c       0x4d .build/obj_hackpadv2_default/quantum/eeconfig.o
 .comment       0x0000004c       0x4d .build/obj_hackpadv2_default/quantum/keyboard.o
 .comment       0x0000004c       0x4d .build/obj_hackpadv2_default/quantum/keymap_common.o
 .comment       0x0000004c       0x4d .build/obj_hackpadv2_default/quantum/keycode_config.o
 .comment       0x0000004c       0x4d .build/obj_hackpadv2_default/quantum/logging/debug.o
 .comment       0x0000004c       0x4d .build/obj_hackpadv2_default/quantum/logging/sendchar.o
 .comment       0x0000004c       0x4d .build/obj_hackpadv2_default/quantum/process_keycode/process_default_layer.o
 .comment       0x0000004c       0x4d .build/obj_hackpadv2_default/quantum/process_keycode/process_oneshot.o
 .comment       0x0000004c       0x4d .build/obj_hackpadv2_default/quantum/process_keycode/process_quantum.o
 .comment       0x0000004c       0x4d .build/obj_hackpadv2_default/nvm_eeconfig.o
 .comment       0x0000004c       0x4d .build/obj_hackpadv2_default/quantum/matrix_common.o
 .comment       0x0000004c       0x4d .build/obj_hackpadv2_default/quantum/matrix.o
 .comment       0x0000004c       0x4d .build/obj_hackpadv2_default/quantum/debounce/sym_defer_g.o
 .comment       0x0000004c       0x4d .build/obj_hackpadv2_default/quantum/main.o
 .comment       0x0000004c       0x4d .build/obj_hackpadv2_default/platforms/avr/printf.o
 .comment       0x0000004c       0x4d .build/obj_hackpadv2_default/oled_driver.o
 .comment       0x0000004c       0x4d .build/obj_hackpadv2_default/quantum/encoder.o
 .comment       0x0000004c       0x4d .build/obj_hackpadv2_default/encoder_quadrature.o
 .comment       0x0000004c       0x4d .build/obj_hackpadv2_default/quantum/process_keycode/process_grave_esc.o
 .comment       0x0000004c       0x4d .build/obj_hackpadv2_default/quantum/process_keycode/process_magic.o
 .comment       0x0000004c       0x4d .build/obj_hackpadv2_default/quantum/mousekey.o
 .comment       0x0000004c       0x4d .build/obj_hackpadv2_default/quantum/process_keycode/process_space_cadet.o
 .comment       0x0000004c       0x4d .build/obj_hackpadv2_default/protocol/host.o
 .comment       0x0000004c       0x4d .build/obj_hackpadv2_default/protocol/report.o
 .comment       0x0000004c       0x4d .build/obj_hackpadv2_default/protocol/usb_device_state.o
 .comment       0x0000004c       0x4d .build/obj_hackpadv2_default/platforms/suspend.o
 .comment       0x0000004c       0x4d .build/obj_hackpadv2_default/platforms/timer.o